[dotenv@17.2.3] injecting env (7) from .env -- tip: ­ƒöÉ prevent committing .env to code: https://dotenvx.com/precommit

Running 935 tests using 2 workers

[dotenv@17.2.3] injecting env (0) from .env -- tip: ÔÜÖ´©Å  override existing env vars with { override: true }
[dotenv@17.2.3] injecting env (0) from .env -- tip: ÔÜÖ´©Å  specify custom .env file path with { path: '/custom/path/.env' }
Focusable elements: 50
Tab 0: A
Tab 1: A
Tab 2: A
Tab 3: A
Tab 4: A
  Ô£ô    1 [chromium] ÔÇ║ e2e\accessibility-ux.spec.ts:23:9 ÔÇ║ ÔÖ┐ ACCESSIBILITY - WCAG 2.1 AA Compliance ÔÇ║ Keyboard Navigation ÔÇ║ 1.1 - Tab order is logical on login page (2.7s)
Form submission via Enter works
  Ô£ô    3 [chromium] ÔÇ║ e2e\accessibility-ux.spec.ts:40:9 ÔÇ║ ÔÖ┐ ACCESSIBILITY - WCAG 2.1 AA Compliance ÔÇ║ Keyboard Navigation ÔÇ║ 1.2 - Enter key submits forms (1.3s)
  Ô£ô    4 [chromium] ÔÇ║ e2e\accessibility-ux.spec.ts:67:9 ÔÇ║ ÔÖ┐ ACCESSIBILITY - WCAG 2.1 AA Compliance ÔÇ║ Keyboard Navigation ÔÇ║ 1.3 - Escape closes modals (1.3s)
Skip link not found (accessibility warning)
  Ô£ô    5 [chromium] ÔÇ║ e2e\accessibility-ux.spec.ts:89:9 ÔÇ║ ÔÖ┐ ACCESSIBILITY - WCAG 2.1 AA Compliance ÔÇ║ Keyboard Navigation ÔÇ║ 1.4 - Skip to main content link (1.3s)
  Ô£ô    6 [chromium] ÔÇ║ e2e\accessibility-ux.spec.ts:114:9 ÔÇ║ ÔÖ┐ ACCESSIBILITY - WCAG 2.1 AA Compliance ÔÇ║ Screen Reader Support ÔÇ║ 2.1 - Form labels are associated with inputs (1.5s)
Total headings: 6
Hierarchy break: H0 -> H2
Hierarchy break: H2 -> H4
Heading hierarchy OK: false
  Ô£ô    7 [chromium] ÔÇ║ e2e\accessibility-ux.spec.ts:137:9 ÔÇ║ ÔÖ┐ ACCESSIBILITY - WCAG 2.1 AA Compliance ÔÇ║ Screen Reader Support ÔÇ║ 2.2 - Headings hierarchy is correct (1.5s)
Button purpose clear: true
  Ô£ô    8 [chromium] ÔÇ║ e2e\accessibility-ux.spec.ts:165:9 ÔÇ║ ÔÖ┐ ACCESSIBILITY - WCAG 2.1 AA Compliance ÔÇ║ Screen Reader Support ÔÇ║ 2.3 - Button purposes are clear (1.3s)
Total images: 46
Images with alt text: 10/10
  Ô£ô    9 [chromium] ÔÇ║ e2e\accessibility-ux.spec.ts:182:9 ÔÇ║ ÔÖ┐ ACCESSIBILITY - WCAG 2.1 AA Compliance ÔÇ║ Screen Reader Support ÔÇ║ 2.4 - Images have alt text (2.6s)
Total links: 32
First link has text/label: false
Link styling: { underline: [33mfalse[39m, color: [32m'rgb(17, 24, 39)'[39m, fontWeight: [32m'400'[39m }
  Ô£ô   10 [chromium] ÔÇ║ e2e\accessibility-ux.spec.ts:208:9 ÔÇ║ ÔÖ┐ ACCESSIBILITY - WCAG 2.1 AA Compliance ÔÇ║ Screen Reader Support ÔÇ║ 2.5 - Links are distinguishable (1.3s)
Text contrast sample: { background: [32m'rgba(0, 0, 0, 0)'[39m, foreground: [32m'rgb(17, 24, 39)'[39m }
  Ô£ô   11 [chromium] ÔÇ║ e2e\accessibility-ux.spec.ts:242:9 ÔÇ║ ÔÖ┐ ACCESSIBILITY - WCAG 2.1 AA Compliance ÔÇ║ Color & Contrast ÔÇ║ 3.1 - Text contrast meets WCAG AA standards (1.3s)
Required fields: 0
  Ô£ô   12 [chromium] ÔÇ║ e2e\accessibility-ux.spec.ts:264:9 ÔÇ║ ÔÖ┐ ACCESSIBILITY - WCAG 2.1 AA Compliance ÔÇ║ Color & Contrast ÔÇ║ 3.2 - Color is not the only means of conveying information (1.4s)
Login may have failed
  Ô£ô    2 [chromium] ÔÇ║ e2e\complete-100-percent.spec.ts:50:9 ÔÇ║ ADDITIONAL: HANDLERS & INTERACTIONS ÔÇ║ Form Handlers ÔÇ║ Should handle input change events (18.2s)
Focus indicator: {
  outline: [32m'rgba(0, 0, 0, 0) solid 2px'[39m,
  boxShadow: [32m'rgb(255, 255, 255) 0px 0px 0px 0px, rgb(59, 130, 246) 0px 0px 0px 2px, rgba(0, 0, 0, 0) 0px 0px 0px 0px'[39m,
  focusVisible: [33mtrue[39m
}
  Ô£ô   13 [chromium] ÔÇ║ e2e\accessibility-ux.spec.ts:286:9 ÔÇ║ ÔÖ┐ ACCESSIBILITY - WCAG 2.1 AA Compliance ÔÇ║ Color & Contrast ÔÇ║ 3.3 - Focus indicators are visible (1.4s)
Horizontal scroll at 200% zoom: true
  Ô£ô   15 [chromium] ÔÇ║ e2e\accessibility-ux.spec.ts:312:9 ÔÇ║ ÔÖ┐ ACCESSIBILITY - WCAG 2.1 AA Compliance ÔÇ║ Responsive & Zoom ÔÇ║ 4.1 - Page works at 200% zoom (1.4s)
Mobile navigation available: false
  Ô£ô   16 [chromium] ÔÇ║ e2e\accessibility-ux.spec.ts:333:9 ÔÇ║ ÔÖ┐ ACCESSIBILITY - WCAG 2.1 AA Compliance ÔÇ║ Responsive & Zoom ÔÇ║ 4.2 - Mobile viewport works (1.3s)
Main content visible on tablet: true
  Ô£ô   17 [chromium] ÔÇ║ e2e\accessibility-ux.spec.ts:349:9 ÔÇ║ ÔÖ┐ ACCESSIBILITY - WCAG 2.1 AA Compliance ÔÇ║ Responsive & Zoom ÔÇ║ 4.3 - Tablet viewport works (1.5s)
Email input not found - page may have different structure
  Ô£ô   18 [chromium] ÔÇ║ e2e\accessibility-ux.spec.ts:366:9 ÔÇ║ ÔÖ┐ ACCESSIBILITY - WCAG 2.1 AA Compliance ÔÇ║ Error Messages & Validation ÔÇ║ 5.1 - Error messages are accessible (1.4s)
Required field errors shown: false
  Ô£ô   19 [chromium] ÔÇ║ e2e\accessibility-ux.spec.ts:389:9 ÔÇ║ ÔÖ┐ ACCESSIBILITY - WCAG 2.1 AA Compliance ÔÇ║ Error Messages & Validation ÔÇ║ 5.2 - Required field errors are clear (1.3s)
Live region for announcements: false
  Ô£ô   20 [chromium] ÔÇ║ e2e\accessibility-ux.spec.ts:412:9 ÔÇ║ ÔÖ┐ ACCESSIBILITY - WCAG 2.1 AA Compliance ÔÇ║ Error Messages & Validation ÔÇ║ 5.3 - Success messages are announced (1.4s)
Loading indicator: false
  Ô£ô   21 [chromium] ÔÇ║ e2e\accessibility-ux.spec.ts:432:9 ÔÇ║ ­ƒÄ¿ USER EXPERIENCE - Usability & UX ÔÇ║ Loading States ÔÇ║ 1.1 - Loading indicator shown during page load (1.4s)
Skeleton screen: false
  Ô£ô   22 [chromium] ÔÇ║ e2e\accessibility-ux.spec.ts:443:9 ÔÇ║ ­ƒÄ¿ USER EXPERIENCE - Usability & UX ÔÇ║ Loading States ÔÇ║ 1.2 - Skeleton screens during data load (1.4s)
Button state change: "Se connecter" -> "Connexion..."
  Ô£ô   23 [chromium] ÔÇ║ e2e\accessibility-ux.spec.ts:450:9 ÔÇ║ ­ƒÄ¿ USER EXPERIENCE - Usability & UX ÔÇ║ Loading States ÔÇ║ 1.3 - Button loading state (2.5s)
Empty state handling: false
  Ô£ô   24 [chromium] ÔÇ║ e2e\accessibility-ux.spec.ts:475:9 ÔÇ║ ­ƒÄ¿ USER EXPERIENCE - Usability & UX ÔÇ║ Empty States ÔÇ║ 2.1 - Empty list shows helpful message (1.2s)
Login may have failed
CTA for empty state: false
  Ô£ô   25 [chromium] ÔÇ║ e2e\accessibility-ux.spec.ts:490:9 ÔÇ║ ­ƒÄ¿ USER EXPERIENCE - Usability & UX ÔÇ║ Empty States ÔÇ║ 2.2 - CTA for empty state (1.4s)
  Ô£ô   14 [chromium] ÔÇ║ e2e\complete-100-percent.spec.ts:61:9 ÔÇ║ ADDITIONAL: HANDLERS & INTERACTIONS ÔÇ║ Form Handlers ÔÇ║ Should handle select change (16.9s)
  Ô£ô   26 [chromium] ÔÇ║ e2e\accessibility-ux.spec.ts:503:9 ÔÇ║ ­ƒÄ¿ USER EXPERIENCE - Usability & UX ÔÇ║ Feedback & Confirmation ÔÇ║ 3.1 - Delete confirmation dialog (1.5s)
  Ô£ô   28 [chromium] ÔÇ║ e2e\accessibility-ux.spec.ts:518:9 ÔÇ║ ­ƒÄ¿ USER EXPERIENCE - Usability & UX ÔÇ║ Feedback & Confirmation ÔÇ║ 3.2 - Success toast notifications (1.3s)
Error notification: false
  Ô£ô   29 [chromium] ÔÇ║ e2e\accessibility-ux.spec.ts:533:9 ÔÇ║ ­ƒÄ¿ USER EXPERIENCE - Usability & UX ÔÇ║ Feedback & Confirmation ÔÇ║ 3.3 - Error notifications are clear (2.4s)
Tooltip on hover: false
  Ô£ô   30 [chromium] ÔÇ║ e2e\accessibility-ux.spec.ts:554:9 ÔÇ║ ­ƒÄ¿ USER EXPERIENCE - Usability & UX ÔÇ║ Help & Guidance ÔÇ║ 4.1 - Tooltips on hover (1.3s)
  Ô£ô   31 [chromium] ÔÇ║ e2e\accessibility-ux.spec.ts:570:9 ÔÇ║ ­ƒÄ¿ USER EXPERIENCE - Usability & UX ÔÇ║ Help & Guidance ÔÇ║ 4.2 - Help icons with explanations (1.3s)
Inputs with placeholder hints: 0
  Ô£ô   32 [chromium] ÔÇ║ e2e\accessibility-ux.spec.ts:585:9 ÔÇ║ ­ƒÄ¿ USER EXPERIENCE - Usability & UX ÔÇ║ Help & Guidance ÔÇ║ 4.3 - Placeholder text as guidance (1.3s)
Input focus transition: all
  Ô£ô   33 [chromium] ÔÇ║ e2e\accessibility-ux.spec.ts:598:9 ÔÇ║ ­ƒÄ¿ USER EXPERIENCE - Usability & UX ÔÇ║ Micro-interactions ÔÇ║ 5.1 - Input focus transitions (1.3s)
Button hover style detected: rgba(0, 0, 0, 0)
  Ô£ô   34 [chromium] ÔÇ║ e2e\accessibility-ux.spec.ts:612:9 ÔÇ║ ­ƒÄ¿ USER EXPERIENCE - Usability & UX ÔÇ║ Micro-interactions ÔÇ║ 5.2 - Button click feedback (1.3s)
Scroll behavior: auto
  Ô£ô   35 [chromium] ÔÇ║ e2e\accessibility-ux.spec.ts:630:9 ÔÇ║ ­ƒÄ¿ USER EXPERIENCE - Usability & UX ÔÇ║ Micro-interactions ÔÇ║ 5.3 - Smooth scrolling (1.3s)
Total buttons: 14
Button styles sample: {
  style1: { padding: [32m'8px 16px'[39m, borderRadius: [32m'0px'[39m },
  style2: { padding: [32m'8px 16px'[39m, borderRadius: [32m'0px'[39m }
}
  Ô£ô   36 [chromium] ÔÇ║ e2e\accessibility-ux.spec.ts:644:9 ÔÇ║ ­ƒÄ¿ USER EXPERIENCE - Usability & UX ÔÇ║ Consistency ÔÇ║ 6.1 - Consistent button styles (1.3s)
Primary styled elements: 21
  Ô£ô   37 [chromium] ÔÇ║ e2e\accessibility-ux.spec.ts:671:9 ÔÇ║ ­ƒÄ¿ USER EXPERIENCE - Usability & UX ÔÇ║ Consistency ÔÇ║ 6.2 - Consistent color palette (1.4s)
Login may have failed
Structured elements with consistent spacing: 0
  Ô£ô   38 [chromium] ÔÇ║ e2e\accessibility-ux.spec.ts:681:9 ÔÇ║ ­ƒÄ¿ USER EXPERIENCE - Usability & UX ÔÇ║ Consistency ÔÇ║ 6.3 - Consistent spacing (1.3s)
First Contentful Paint: 1028ms
Total page load: 1257ms
  Ô£ô   39 [chromium] ÔÇ║ e2e\accessibility-ux.spec.ts:694:9 ÔÇ║ ­ƒÄ¿ USER EXPERIENCE - Usability & UX ÔÇ║ Performance Perception ÔÇ║ 7.1 - Page load perceived as fast (1.3s)
Button click response: 146ms
  Ô£ô   40 [chromium] ÔÇ║ e2e\accessibility-ux.spec.ts:711:9 ÔÇ║ ­ƒÄ¿ USER EXPERIENCE - Usability & UX ÔÇ║ Performance Perception ÔÇ║ 7.2 - Interaction responsiveness (1.6s)
Password field not found after 15s - may be on different step
  Ô£ÿ   27 [chromium] ÔÇ║ e2e\complete-100-percent.spec.ts:71:9 ÔÇ║ ADDITIONAL: HANDLERS & INTERACTIONS ÔÇ║ Form Handlers ÔÇ║ Should handle checkbox toggle (2.0m)
[dotenv@17.2.3] injecting env (0) from .env -- tip: Ô£à audit secrets and track compliance: https://dotenvx.com/ops
Login may have failed
  Ô£ÿ   41 [chromium] ÔÇ║ e2e\comprehensive-full-coverage.spec.ts:80:7 ÔÇ║ ­ƒæñ VISITOR REGISTRATION - Complete Coverage ÔÇ║ V1.1 - Free visitor: Valid registration with all fields (2.0m)
[dotenv@17.2.3] injecting env (0) from .env -- tip: ­ƒùé´©Å backup and recover secrets: https://dotenvx.com/ops
  Ô£ô   43 [chromium] ÔÇ║ e2e\comprehensive-full-coverage.spec.ts:130:7 ÔÇ║ ­ƒæñ VISITOR REGISTRATION - Complete Coverage ÔÇ║ V1.2 - Free visitor: Missing required fields shows error (1.8s)
  Ô£ÿ   42 [chromium] ÔÇ║ e2e\complete-100-percent.spec.ts:79:9 ÔÇ║ ADDITIONAL: HANDLERS & INTERACTIONS ÔÇ║ Form Handlers ÔÇ║ Should handle radio button selection (2.0m)
[dotenv@17.2.3] injecting env (0) from .env -- tip: ­ƒöæ add access controls to secrets: https://dotenvx.com/ops
  Ô£ô   45 [chromium] ÔÇ║ e2e\complete-100-percent.spec.ts:86:9 ÔÇ║ ADDITIONAL: HANDLERS & INTERACTIONS ÔÇ║ Form Handlers ÔÇ║ Should handle form validation on empty submit (1.4s)
  Ô£ô   46 [chromium] ÔÇ║ e2e\complete-100-percent.spec.ts:92:9 ÔÇ║ ADDITIONAL: HANDLERS & INTERACTIONS ÔÇ║ Form Handlers ÔÇ║ Should handle form submission (1.4s)
Login may have failed
  Ô£ÿ   44 [chromium] ÔÇ║ e2e\comprehensive-full-coverage.spec.ts:150:7 ÔÇ║ ­ƒæñ VISITOR REGISTRATION - Complete Coverage ÔÇ║ V1.3 - Free visitor: Invalid email format rejected (2.0m)
[dotenv@17.2.3] injecting env (0) from .env -- tip: ­ƒöÉ prevent building .env in docker: https://dotenvx.com/prebuild
  Ô£ÿ   47 [chromium] ÔÇ║ e2e\complete-100-percent.spec.ts:99:9 ÔÇ║ ADDITIONAL: HANDLERS & INTERACTIONS ÔÇ║ Form Handlers ÔÇ║ Should handle cancel button (2.0m)
[dotenv@17.2.3] injecting env (0) from .env -- tip: ÔÜÖ´©Å  override existing env vars with { override: true }
Login may have failed
  Ô£ÿ   48 [chromium] ÔÇ║ e2e\comprehensive-full-coverage.spec.ts:184:7 ÔÇ║ ­ƒæñ VISITOR REGISTRATION - Complete Coverage ÔÇ║ V1.4 - Free visitor: Weak password rejected (2.0m)
[dotenv@17.2.3] injecting env (0) from .env -- tip: ÔÜÖ´©Å  suppress all logs with { quiet: true }
  Ô£ÿ   49 [chromium] ÔÇ║ e2e\complete-100-percent.spec.ts:105:9 ÔÇ║ ADDITIONAL: HANDLERS & INTERACTIONS ÔÇ║ Form Handlers ÔÇ║ Should handle save button (2.0m)
[dotenv@17.2.3] injecting env (0) from .env -- tip: ÔÜÖ´©Å  enable debug logging with { debug: true }
  Ô£ô   51 [chromium] ÔÇ║ e2e\complete-100-percent.spec.ts:111:9 ÔÇ║ ADDITIONAL: HANDLERS & INTERACTIONS ÔÇ║ Form Handlers ÔÇ║ Should handle file input change (6.2s)
  Ô£ÿ   50 [chromium] ÔÇ║ e2e\comprehensive-full-coverage.spec.ts:214:7 ÔÇ║ ­ƒæñ VISITOR REGISTRATION - Complete Coverage ÔÇ║ V1.5 - Free visitor: Duplicate email prevention (2.0m)
[dotenv@17.2.3] injecting env (0) from .env -- tip: ­ƒöÉ prevent committing .env to code: https://dotenvx.com/precommit
  Ô£ô   53 [chromium] ÔÇ║ e2e\comprehensive-full-coverage.spec.ts:244:7 ÔÇ║ ­ƒæñ VISITOR REGISTRATION - Complete Coverage ÔÇ║ V1.6 - VIP visitor: 700 EUR price displayed (1.1s)
Login may have failed
  Ô£ÿ   52 [chromium] ÔÇ║ e2e\complete-100-percent.spec.ts:117:9 ÔÇ║ ADDITIONAL: HANDLERS & INTERACTIONS ÔÇ║ Form Handlers ÔÇ║ Should handle textarea input (2.0m)
[dotenv@17.2.3] injecting env (0) from .env -- tip: ÔÜÖ´©Å  override existing env vars with { override: true }
  Ô£ÿ   54 [chromium] ÔÇ║ e2e\comprehensive-full-coverage.spec.ts:260:7 ÔÇ║ ­ƒæñ VISITOR REGISTRATION - Complete Coverage ÔÇ║ V1.7 - VIP visitor: Payment form appears (2.0m)
[dotenv@17.2.3] injecting env (0) from .env -- tip: ÔÜÖ´©Å  specify custom .env file path with { path: '/custom/path/.env' }
Login may have failed
  Ô£ÿ   55 [chromium] ÔÇ║ e2e\complete-100-percent.spec.ts:127:9 ÔÇ║ ADDITIONAL: HANDLERS & INTERACTIONS ÔÇ║ Navigation Handlers ÔÇ║ Should handle back button click (2.0m)
[dotenv@17.2.3] injecting env (0) from .env -- tip: ­ƒôí add observability to secrets: https://dotenvx.com/ops
  Ô£ÿ   56 [chromium] ÔÇ║ e2e\comprehensive-full-coverage.spec.ts:281:7 ÔÇ║ ­ƒæñ VISITOR REGISTRATION - Complete Coverage ÔÇ║ V1.8 - VIP visitor: Payment cancelled leaves account inactive (2.0m)
[dotenv@17.2.3] injecting env (0) from .env -- tip: ÔÜÖ´©Å  load multiple .env files with { path: ['.env.local', '.env'] }
  Ô£ÿ   57 [chromium] ÔÇ║ e2e\complete-100-percent.spec.ts:133:9 ÔÇ║ ADDITIONAL: HANDLERS & INTERACTIONS ÔÇ║ Navigation Handlers ÔÇ║ Should handle next button (2.0m)
[dotenv@17.2.3] injecting env (0) from .env -- tip: ­ƒæÑ sync secrets across teammates & machines: https://dotenvx.com/ops
  Ô£ÿ   58 [chromium] ÔÇ║ e2e\comprehensive-full-coverage.spec.ts:313:7 ÔÇ║ ­ƒæñ VISITOR REGISTRATION - Complete Coverage ÔÇ║ V1.9 - Visitor: Email case insensitivity (2.0m)
[dotenv@17.2.3] injecting env (0) from .env -- tip: ­ƒôí add observability to secrets: https://dotenvx.com/ops
  Ô£ÿ   59 [chromium] ÔÇ║ e2e\complete-100-percent.spec.ts:138:9 ÔÇ║ ADDITIONAL: HANDLERS & INTERACTIONS ÔÇ║ Navigation Handlers ÔÇ║ Should handle previous button (2.0m)
[dotenv@17.2.3] injecting env (0) from .env -- tip: ­ƒùé´©Å backup and recover secrets: https://dotenvx.com/ops
  Ô£ô   61 [chromium] ÔÇ║ e2e\complete-100-percent.spec.ts:143:9 ÔÇ║ ADDITIONAL: HANDLERS & INTERACTIONS ÔÇ║ Navigation Handlers ÔÇ║ Should handle link navigation (1.5s)
  Ô£ÿ   60 [chromium] ÔÇ║ e2e\comprehensive-full-coverage.spec.ts:341:7 ÔÇ║ ­ƒæñ VISITOR REGISTRATION - Complete Coverage ÔÇ║ V1.10 - Visitor: Special characters in name allowed (2.0m)
[dotenv@17.2.3] injecting env (0) from .env -- tip: ÔÜÖ´©Å  load multiple .env files with { path: ['.env.local', '.env'] }
Login may have failed
  Ô£ÿ   62 [chromium] ÔÇ║ e2e\complete-100-percent.spec.ts:149:9 ÔÇ║ ADDITIONAL: HANDLERS & INTERACTIONS ÔÇ║ Navigation Handlers ÔÇ║ Should handle breadcrumb navigation (2.0m)
[dotenv@17.2.3] injecting env (0) from .env -- tip: Ô£à audit secrets and track compliance: https://dotenvx.com/ops
  Ô£ÿ   63 [chromium] ÔÇ║ e2e\comprehensive-full-coverage.spec.ts:380:7 ÔÇ║ ­ƒÅó EXHIBITOR REGISTRATION - Complete Coverage ÔÇ║ E1.1 - Exhibitor BASIC: 9m┬▓ stand confirmed in UI (2.0m)
[dotenv@17.2.3] injecting env (0) from .env -- tip: ­ƒæÑ sync secrets across teammates & machines: https://dotenvx.com/ops
  Ô£ÿ   65 [chromium] ÔÇ║ e2e\comprehensive-full-coverage.spec.ts:390:7 ÔÇ║ ­ƒÅó EXHIBITOR REGISTRATION - Complete Coverage ÔÇ║ E1.2 - Exhibitor STANDARD: 18m┬▓ stand confirmed (2.4s)
[dotenv@17.2.3] injecting env (0) from .env -- tip: ÔÜÖ´©Å  load multiple .env files with { path: ['.env.local', '.env'] }
Login may have failed
  Ô£ÿ   66 [chromium] ÔÇ║ e2e\comprehensive-full-coverage.spec.ts:400:7 ÔÇ║ ­ƒÅó EXHIBITOR REGISTRATION - Complete Coverage ÔÇ║ E1.3 - Exhibitor PREMIUM: 36m┬▓ + Booth Designer feature (2.0s)
[dotenv@17.2.3] injecting env (0) from .env -- tip: ÔÜÖ´©Å  load multiple .env files with { path: ['.env.local', '.env'] }
  Ô£ÿ   67 [chromium] ÔÇ║ e2e\comprehensive-full-coverage.spec.ts:411:7 ÔÇ║ ­ƒÅó EXHIBITOR REGISTRATION - Complete Coverage ÔÇ║ E1.4 - Exhibitor ELITE: 54m┬▓+ stand (2.5s)
[dotenv@17.2.3] injecting env (0) from .env -- tip: ÔÜÖ´©Å  write to custom object with { processEnv: myObject }
  Ô£ÿ   64 [chromium] ÔÇ║ e2e\complete-100-percent.spec.ts:155:9 ÔÇ║ ADDITIONAL: HANDLERS & INTERACTIONS ÔÇ║ Navigation Handlers ÔÇ║ Should handle menu navigation (2.0m)
[dotenv@17.2.3] injecting env (0) from .env -- tip: ­ƒöä add secrets lifecycle management: https://dotenvx.com/ops
Login may have failed
  Ô£ÿ   68 [chromium] ÔÇ║ e2e\comprehensive-full-coverage.spec.ts:419:7 ÔÇ║ ­ƒÅó EXHIBITOR REGISTRATION - Complete Coverage ÔÇ║ E1.5 - Exhibitor: Company name required (2.0m)
[dotenv@17.2.3] injecting env (0) from .env -- tip: ­ƒöÉ prevent committing .env to code: https://dotenvx.com/precommit
  Ô£ÿ   69 [chromium] ÔÇ║ e2e\complete-100-percent.spec.ts:161:9 ÔÇ║ ADDITIONAL: HANDLERS & INTERACTIONS ÔÇ║ Navigation Handlers ÔÇ║ Should handle tab navigation (2.0m)
[dotenv@17.2.3] injecting env (0) from .env -- tip: ­ƒöÉ prevent building .env in docker: https://dotenvx.com/prebuild
Login may have failed
  Ô£ÿ   70 [chromium] ÔÇ║ e2e\comprehensive-full-coverage.spec.ts:437:7 ÔÇ║ ­ƒÅó EXHIBITOR REGISTRATION - Complete Coverage ÔÇ║ E1.6 - Exhibitor: SIRET validation (2.0m)
[dotenv@17.2.3] injecting env (0) from .env -- tip: Ô£à audit secrets and track compliance: https://dotenvx.com/ops
  Ô£ÿ   71 [chromium] ÔÇ║ e2e\complete-100-percent.spec.ts:167:9 ÔÇ║ ADDITIONAL: HANDLERS & INTERACTIONS ÔÇ║ Navigation Handlers ÔÇ║ Should handle drawer/sidebar toggle (2.0m)
[dotenv@17.2.3] injecting env (0) from .env -- tip: ÔÜÖ´©Å  load multiple .env files with { path: ['.env.local', '.env'] }
Login may have failed
  Ô£ÿ   72 [chromium] ÔÇ║ e2e\comprehensive-full-coverage.spec.ts:457:7 ÔÇ║ ­ƒÅó EXHIBITOR REGISTRATION - Complete Coverage ÔÇ║ E1.7 - Exhibitor: Mini-site popup after 1.5s (2.0m)
[dotenv@17.2.3] injecting env (0) from .env -- tip: ­ƒöÉ prevent building .env in docker: https://dotenvx.com/prebuild
  Ô£ÿ   73 [chromium] ÔÇ║ e2e\complete-100-percent.spec.ts:173:9 ÔÇ║ ADDITIONAL: HANDLERS & INTERACTIONS ÔÇ║ Navigation Handlers ÔÇ║ Should handle modal open/close (2.0m)
[dotenv@17.2.3] injecting env (0) from .env -- tip: ­ƒöä add secrets lifecycle management: https://dotenvx.com/ops
Login may have failed
  Ô£ÿ   74 [chromium] ÔÇ║ e2e\comprehensive-full-coverage.spec.ts:478:7 ÔÇ║ ­ƒÅó EXHIBITOR REGISTRATION - Complete Coverage ÔÇ║ E1.8 - Exhibitor: Cannot skip mini-site creation (2.0m)
[dotenv@17.2.3] injecting env (0) from .env -- tip: ÔÜÖ´©Å  specify custom .env file path with { path: '/custom/path/.env' }
  Ô£ÿ   75 [chromium] ÔÇ║ e2e\complete-100-percent.spec.ts:180:9 ÔÇ║ ADDITIONAL: HANDLERS & INTERACTIONS ÔÇ║ Navigation Handlers ÔÇ║ Should handle dropdown menu (2.0m)
[dotenv@17.2.3] injecting env (0) from .env -- tip: Ô£à audit secrets and track compliance: https://dotenvx.com/ops
  Ô£ÿ   76 [chromium] ÔÇ║ e2e\comprehensive-full-coverage.spec.ts:502:7 ÔÇ║ ­ƒÅó EXHIBITOR REGISTRATION - Complete Coverage ÔÇ║ E1.9 - Exhibitor: Multiple exhibitors same company allowed (2.0m)
[dotenv@17.2.3] injecting env (0) from .env -- tip: ­ƒöä add secrets lifecycle management: https://dotenvx.com/ops
  Ô£ÿ   77 [chromium] ÔÇ║ e2e\complete-100-percent.spec.ts:189:9 ÔÇ║ ADDITIONAL: HANDLERS & INTERACTIONS ÔÇ║ Filter & Search Handlers ÔÇ║ Should handle search input (2.0m)
[dotenv@17.2.3] injecting env (0) from .env -- tip: ÔÜÖ´©Å  load multiple .env files with { path: ['.env.local', '.env'] }
  Ô£ÿ   78 [chromium] ÔÇ║ e2e\comprehensive-full-coverage.spec.ts:532:7 ÔÇ║ ­ƒÅó EXHIBITOR REGISTRATION - Complete Coverage ÔÇ║ E1.10 - Exhibitor: Payment required after registration (2.0m)
[dotenv@17.2.3] injecting env (0) from .env -- tip: ÔÜÖ´©Å  override existing env vars with { override: true }
  Ô£ÿ   79 [chromium] ÔÇ║ e2e\complete-100-percent.spec.ts:195:9 ÔÇ║ ADDITIONAL: HANDLERS & INTERACTIONS ÔÇ║ Filter & Search Handlers ÔÇ║ Should handle filter toggle (2.0m)
[dotenv@17.2.3] injecting env (0) from .env -- tip: Ô£à audit secrets and track compliance: https://dotenvx.com/ops
  Ô£ÿ   80 [chromium] ÔÇ║ e2e\comprehensive-full-coverage.spec.ts:562:7 ÔÇ║ ­ƒñØ PARTNER REGISTRATION - Complete Coverage ÔÇ║ P1.1 - Partner MUSEUM: $20k tier visible (2.0m)
[dotenv@17.2.3] injecting env (0) from .env -- tip: Ô£à audit secrets and track compliance: https://dotenvx.com/ops
  Ô£ÿ   81 [chromium] ÔÇ║ e2e\complete-100-percent.spec.ts:200:9 ÔÇ║ ADDITIONAL: HANDLERS & INTERACTIONS ÔÇ║ Filter & Search Handlers ÔÇ║ Should handle filter selection (2.0m)
[dotenv@17.2.3] injecting env (0) from .env -- tip: ÔÜÖ´©Å  write to custom object with { processEnv: myObject }
  Ô£ÿ   82 [chromium] ÔÇ║ e2e\comprehensive-full-coverage.spec.ts:570:7 ÔÇ║ ­ƒñØ PARTNER REGISTRATION - Complete Coverage ÔÇ║ P1.2 - Partner SILVER: $48k tier with features (2.0m)
[dotenv@17.2.3] injecting env (0) from .env -- tip: ­ƒöæ add access controls to secrets: https://dotenvx.com/ops
  Ô£ÿ   83 [chromium] ÔÇ║ e2e\complete-100-percent.spec.ts:206:9 ÔÇ║ ADDITIONAL: HANDLERS & INTERACTIONS ÔÇ║ Filter & Search Handlers ÔÇ║ Should handle sort selection (2.0m)
[dotenv@17.2.3] injecting env (0) from .env -- tip: ÔÜÖ´©Å  load multiple .env files with { path: ['.env.local', '.env'] }
  Ô£ÿ   84 [chromium] ÔÇ║ e2e\comprehensive-full-coverage.spec.ts:581:7 ÔÇ║ ­ƒñØ PARTNER REGISTRATION - Complete Coverage ÔÇ║ P1.3 - Partner GOLD: $68k with VIP Lounge (2.0m)
[dotenv@17.2.3] injecting env (0) from .env -- tip: ÔÜÖ´©Å  enable debug logging with { debug: true }
  Ô£ÿ   85 [chromium] ÔÇ║ e2e\complete-100-percent.spec.ts:211:9 ÔÇ║ ADDITIONAL: HANDLERS & INTERACTIONS ÔÇ║ Filter & Search Handlers ÔÇ║ Should handle pagination (2.0m)
[dotenv@17.2.3] injecting env (0) from .env -- tip: ­ƒöÉ prevent building .env in docker: https://dotenvx.com/prebuild
  Ô£ÿ   86 [chromium] ÔÇ║ e2e\comprehensive-full-coverage.spec.ts:592:7 ÔÇ║ ­ƒñØ PARTNER REGISTRATION - Complete Coverage ÔÇ║ P1.4 - Partner PLATINUM: $98k maximum (2.0m)
[dotenv@17.2.3] injecting env (0) from .env -- tip: ­ƒùé´©Å backup and recover secrets: https://dotenvx.com/ops
  Ô£ÿ   87 [chromium] ÔÇ║ e2e\complete-100-percent.spec.ts:216:9 ÔÇ║ ADDITIONAL: HANDLERS & INTERACTIONS ÔÇ║ Filter & Search Handlers ÔÇ║ Should handle filter reset (2.0m)
[dotenv@17.2.3] injecting env (0) from .env -- tip: ­ƒöÉ encrypt with Dotenvx: https://dotenvx.com
  Ô£ÿ   88 [chromium] ÔÇ║ e2e\comprehensive-full-coverage.spec.ts:600:7 ÔÇ║ ­ƒñØ PARTNER REGISTRATION - Complete Coverage ÔÇ║ P1.5 - Partner: Organization name required (2.0m)
[dotenv@17.2.3] injecting env (0) from .env -- tip: ­ƒöÉ prevent committing .env to code: https://dotenvx.com/precommit
  Ô£ÿ   89 [chromium] ÔÇ║ e2e\complete-100-percent.spec.ts:221:9 ÔÇ║ ADDITIONAL: HANDLERS & INTERACTIONS ÔÇ║ Filter & Search Handlers ÔÇ║ Should handle clear search (2.0m)
[dotenv@17.2.3] injecting env (0) from .env -- tip: ­ƒöæ add access controls to secrets: https://dotenvx.com/ops
  Ô£ô   91 [chromium] ÔÇ║ e2e\complete-100-percent.spec.ts:228:9 ÔÇ║ ADDITIONAL: HANDLERS & INTERACTIONS ÔÇ║ Filter & Search Handlers ÔÇ║ Should handle multi-select filter (1.4s)
  Ô£ô   92 [chromium] ÔÇ║ e2e\complete-100-percent.spec.ts:233:9 ÔÇ║ ADDITIONAL: HANDLERS & INTERACTIONS ÔÇ║ Filter & Search Handlers ÔÇ║ Should handle date range filter (1.2s)
  Ô£ô   93 [chromium] ÔÇ║ e2e\complete-100-percent.spec.ts:238:9 ÔÇ║ ADDITIONAL: HANDLERS & INTERACTIONS ÔÇ║ Filter & Search Handlers ÔÇ║ Should handle category filter (1.3s)
Login may have failed
  Ô£ÿ   90 [chromium] ÔÇ║ e2e\comprehensive-full-coverage.spec.ts:616:7 ÔÇ║ ­ƒñØ PARTNER REGISTRATION - Complete Coverage ÔÇ║ P1.6 - Partner: Logo upload optional (2.0m)
[dotenv@17.2.3] injecting env (0) from .env -- tip: ÔÜÖ´©Å  override existing env vars with { override: true }
  Ô£ÿ   94 [chromium] ÔÇ║ e2e\complete-100-percent.spec.ts:246:9 ÔÇ║ ADDITIONAL: HANDLERS & INTERACTIONS ÔÇ║ List & Table Handlers ÔÇ║ Should handle row click (2.0m)
[dotenv@17.2.3] injecting env (0) from .env -- tip: ÔÜÖ´©Å  override existing env vars with { override: true }
  Ô£ô   96 [chromium] ÔÇ║ e2e\complete-100-percent.spec.ts:253:9 ÔÇ║ ADDITIONAL: HANDLERS & INTERACTIONS ÔÇ║ List & Table Handlers ÔÇ║ Should handle checkbox in list (3.4s)
  Ô£ÿ   95 [chromium] ÔÇ║ e2e\comprehensive-full-coverage.spec.ts:635:7 ÔÇ║ ­ƒñØ PARTNER REGISTRATION - Complete Coverage ÔÇ║ P1.7 - Partner: Bank transfer payment method (2.0m)
[dotenv@17.2.3] injecting env (0) from .env -- tip: ­ƒöä add secrets lifecycle management: https://dotenvx.com/ops
  Ô£ÿ   97 [chromium] ÔÇ║ e2e\complete-100-percent.spec.ts:260:9 ÔÇ║ ADDITIONAL: HANDLERS & INTERACTIONS ÔÇ║ List & Table Handlers ÔÇ║ Should handle expand/collapse row (2.0m)
[dotenv@17.2.3] injecting env (0) from .env -- tip: ­ƒöæ add access controls to secrets: https://dotenvx.com/ops
  Ô£ÿ   98 [chromium] ÔÇ║ e2e\comprehensive-full-coverage.spec.ts:654:7 ÔÇ║ ­ƒñØ PARTNER REGISTRATION - Complete Coverage ÔÇ║ P1.8 - Partner: Dashboard shows investment tier (2.0m)
[dotenv@17.2.3] injecting env (0) from .env -- tip: ÔÜÖ´©Å  write to custom object with { processEnv: myObject }
  Ô£ô  100 [chromium] ÔÇ║ e2e\comprehensive-full-coverage.spec.ts:682:7 ÔÇ║ ­ƒôà APPOINTMENT SYSTEM - Complete Coverage ÔÇ║ A1.1 - Visitor can request appointment (45ms)
  Ô£ô  101 [chromium] ÔÇ║ e2e\comprehensive-full-coverage.spec.ts:687:7 ÔÇ║ ­ƒôà APPOINTMENT SYSTEM - Complete Coverage ÔÇ║ A1.2 - Exhibitor receives appointment notification (32ms)
  Ô£ô  102 [chromium] ÔÇ║ e2e\comprehensive-full-coverage.spec.ts:691:7 ÔÇ║ ­ƒôà APPOINTMENT SYSTEM - Complete Coverage ÔÇ║ A1.3 - Appointment timezone handling (34ms)
  Ô£ô  103 [chromium] ÔÇ║ e2e\comprehensive-full-coverage.spec.ts:695:7 ÔÇ║ ­ƒôà APPOINTMENT SYSTEM - Complete Coverage ÔÇ║ A1.4 - Double booking prevention (31ms)
  Ô£ô  104 [chromium] ÔÇ║ e2e\comprehensive-full-coverage.spec.ts:699:7 ÔÇ║ ­ƒôà APPOINTMENT SYSTEM - Complete Coverage ÔÇ║ A1.5 - Past date appointment rejection (43ms)
  Ô£ô  105 [chromium] ÔÇ║ e2e\comprehensive-full-coverage.spec.ts:712:7 ÔÇ║ ­ƒÆ│ PAYMENT SYSTEM - Complete Coverage ÔÇ║ PAY1.1 - Stripe payment success flow (50ms)
  Ô£ô  106 [chromium] ÔÇ║ e2e\comprehensive-full-coverage.spec.ts:716:7 ÔÇ║ ­ƒÆ│ PAYMENT SYSTEM - Complete Coverage ÔÇ║ PAY1.2 - Stripe payment failure handling (42ms)
  Ô£ô  107 [chromium] ÔÇ║ e2e\comprehensive-full-coverage.spec.ts:720:7 ÔÇ║ ­ƒÆ│ PAYMENT SYSTEM - Complete Coverage ÔÇ║ PAY1.3 - Webhook signature validation (38ms)
  Ô£ô  108 [chromium] ÔÇ║ e2e\comprehensive-full-coverage.spec.ts:724:7 ÔÇ║ ­ƒÆ│ PAYMENT SYSTEM - Complete Coverage ÔÇ║ PAY1.4 - Duplicate payment prevention (35ms)
  Ô£ô  109 [chromium] ÔÇ║ e2e\comprehensive-full-coverage.spec.ts:728:7 ÔÇ║ ­ƒÆ│ PAYMENT SYSTEM - Complete Coverage ÔÇ║ PAY1.5 - Payment idempotency (36ms)
  Ô£ô  110 [chromium] ÔÇ║ e2e\comprehensive-full-coverage.spec.ts:747:7 ÔÇ║ ­ƒÅÀ´©Å BADGE & QR CODE - Complete Coverage ÔÇ║ B1.1 - QR code rotates exactly every 30 seconds (35ms)
  Ô£ô  111 [chromium] ÔÇ║ e2e\comprehensive-full-coverage.spec.ts:751:7 ÔÇ║ ­ƒÅÀ´©Å BADGE & QR CODE - Complete Coverage ÔÇ║ B1.2 - QR code survives page refresh (37ms)
  Ô£ô  112 [chromium] ÔÇ║ e2e\comprehensive-full-coverage.spec.ts:755:7 ÔÇ║ ­ƒÅÀ´©Å BADGE & QR CODE - Complete Coverage ÔÇ║ B1.3 - JWT expiration enforced (38ms)
  Ô£ô  113 [chromium] ÔÇ║ e2e\comprehensive-full-coverage.spec.ts:759:7 ÔÇ║ ­ƒÅÀ´©Å BADGE & QR CODE - Complete Coverage ÔÇ║ B1.4 - Invalid JWT rejected (43ms)
  Ô£ô  114 [chromium] ÔÇ║ e2e\comprehensive-full-coverage.spec.ts:763:7 ÔÇ║ ­ƒÅÀ´©Å BADGE & QR CODE - Complete Coverage ÔÇ║ B1.5 - Badge download as PNG works (33ms)
  Ô£ô  115 [chromium] ÔÇ║ e2e\comprehensive-full-coverage.spec.ts:776:7 ÔÇ║ ­ƒöÉ SECURITY - Complete Coverage ÔÇ║ SEC1.1 - XSS prevention in mini-site editor (34ms)
  Ô£ô  116 [chromium] ÔÇ║ e2e\comprehensive-full-coverage.spec.ts:797:7 ÔÇ║ ­ƒöÉ SECURITY - Complete Coverage ÔÇ║ SEC1.2 - SQL injection prevention (36ms)
  Ô£ô  117 [chromium] ÔÇ║ e2e\comprehensive-full-coverage.spec.ts:809:7 ÔÇ║ ­ƒöÉ SECURITY - Complete Coverage ÔÇ║ SEC1.3 - CSRF token validation (41ms)
  Ô£ô  118 [chromium] ÔÇ║ e2e\comprehensive-full-coverage.spec.ts:813:7 ÔÇ║ ­ƒöÉ SECURITY - Complete Coverage ÔÇ║ SEC1.4 - RLS policy enforcement (39ms)
  Ô£ô  119 [chromium] ÔÇ║ e2e\comprehensive-full-coverage.spec.ts:817:7 ÔÇ║ ­ƒöÉ SECURITY - Complete Coverage ÔÇ║ SEC1.5 - API rate limiting (54ms)
  Ô£ô  120 [chromium] ÔÇ║ e2e\comprehensive-full-coverage.spec.ts:821:7 ÔÇ║ ­ƒöÉ SECURITY - Complete Coverage ÔÇ║ SEC1.6 - Password reset token expiry (42ms)
  Ô£ÿ   99 [chromium] ÔÇ║ e2e\complete-100-percent.spec.ts:265:9 ÔÇ║ ADDITIONAL: HANDLERS & INTERACTIONS ÔÇ║ List & Table Handlers ÔÇ║ Should handle sort column header (2.0m)
[dotenv@17.2.3] injecting env (0) from .env -- tip: ÔÜÖ´©Å  override existing env vars with { override: true }
  Ô£ÿ  121 [chromium] ÔÇ║ e2e\comprehensive-full-coverage.spec.ts:834:7 ÔÇ║ ÔÜí CONCURRENCY - Complete Coverage ÔÇ║ C1.1 - Simultaneous registrations same email (2.0m)
[dotenv@17.2.3] injecting env (0) from .env -- tip: ­ƒöä add secrets lifecycle management: https://dotenvx.com/ops
  Ô£ô  123 [chromium] ÔÇ║ e2e\comprehensive-full-coverage.spec.ts:856:7 ÔÇ║ ÔÜí CONCURRENCY - Complete Coverage ÔÇ║ C1.2 - Concurrent mini-site updates (1ms)
  Ô£ô  124 [chromium] ÔÇ║ e2e\comprehensive-full-coverage.spec.ts:860:7 ÔÇ║ ÔÜí CONCURRENCY - Complete Coverage ÔÇ║ C1.3 - Double payment submission (0ms)
  Ô£ô  125 [chromium] ÔÇ║ e2e\comprehensive-full-coverage.spec.ts:864:7 ÔÇ║ ÔÜí CONCURRENCY - Complete Coverage ÔÇ║ C1.4 - Concurrent appointment approvals (0ms)
  Ô£ô  126 [chromium] ÔÇ║ e2e\comprehensive-full-coverage.spec.ts:868:7 ÔÇ║ ÔÜí CONCURRENCY - Complete Coverage ÔÇ║ C1.5 - QR code rotation during read (0ms)
  Ô£ô  127 [chromium] ÔÇ║ e2e\comprehensive-full-coverage.spec.ts:881:7 ÔÇ║ ÔÜÖ´©Å PERFORMANCE - Complete Coverage ÔÇ║ PERF1.1 - Dashboard loads < 3 seconds (1.3s)
  Ô£ô  128 [chromium] ÔÇ║ e2e\comprehensive-full-coverage.spec.ts:888:7 ÔÇ║ ÔÜÖ´©Å PERFORMANCE - Complete Coverage ÔÇ║ PERF1.2 - 1000 exhibitors list loads < 5 seconds (35ms)
  Ô£ô  129 [chromium] ÔÇ║ e2e\comprehensive-full-coverage.spec.ts:892:7 ÔÇ║ ÔÜÖ´©Å PERFORMANCE - Complete Coverage ÔÇ║ PERF1.3 - Badge generation < 500ms (34ms)
  Ô£ô  130 [chromium] ÔÇ║ e2e\comprehensive-full-coverage.spec.ts:896:7 ÔÇ║ ÔÜÖ´©Å PERFORMANCE - Complete Coverage ÔÇ║ PERF1.4 - Search 10k records < 2 seconds (31ms)
  Ô£ô  131 [chromium] ÔÇ║ e2e\comprehensive-full-coverage.spec.ts:900:7 ÔÇ║ ÔÜÖ´©Å PERFORMANCE - Complete Coverage ÔÇ║ PERF1.5 - Database query optimization (36ms)
  Ô£ô  132 [chromium] ÔÇ║ e2e\comprehensive-full-coverage.spec.ts:913:7 ÔÇ║ ­ƒôï DATA VALIDATION - Complete Coverage ÔÇ║ DV1.1 - Email unique constraint enforced (35ms)
  Ô£ô  133 [chromium] ÔÇ║ e2e\comprehensive-full-coverage.spec.ts:917:7 ÔÇ║ ­ƒôï DATA VALIDATION - Complete Coverage ÔÇ║ DV1.2 - Phone number format validation (32ms)
  Ô£ô  134 [chromium] ÔÇ║ e2e\comprehensive-full-coverage.spec.ts:928:7 ÔÇ║ ­ƒôï DATA VALIDATION - Complete Coverage ÔÇ║ DV1.3 - Date range validation (36ms)
  Ô£ô  135 [chromium] ÔÇ║ e2e\comprehensive-full-coverage.spec.ts:932:7 ÔÇ║ ­ƒôï DATA VALIDATION - Complete Coverage ÔÇ║ DV1.4 - Quota enforcement (32ms)
Login may have failed
  Ô£ô  136 [chromium] ÔÇ║ e2e\comprehensive-full-coverage.spec.ts:936:7 ÔÇ║ ­ƒôï DATA VALIDATION - Complete Coverage ÔÇ║ DV1.5 - Amount precision (2 decimals) (46ms)
Starting registration for visitor (visitor-free-1766346097136@test.com)...
Registration helper failed, trying manual approach
  Ô£ÿ  122 [chromium] ÔÇ║ e2e\complete-100-percent.spec.ts:271:9 ÔÇ║ ADDITIONAL: HANDLERS & INTERACTIONS ÔÇ║ List & Table Handlers ÔÇ║ Should handle context menu (2.0m)
[dotenv@17.2.3] injecting env (0) from .env -- tip: ÔÜÖ´©Å  enable debug logging with { debug: true }
  Ô£ÿ  137 [chromium] ÔÇ║ e2e\comprehensive-workflows.spec.ts:155:9 ÔÇ║ ­ƒö┤ WORKFLOW CRITICAL TESTS - SIPORTS 2026 ÔÇ║ ­ƒôï WORKFLOW 1: Free Visitor Registration ÔåÆ Badge ÔåÆ Access ÔÇ║ 1.1 - Visitor FREE: Complete registration flow (2.0m)
[dotenv@17.2.3] injecting env (0) from .env -- tip: ÔÜÖ´©Å  specify custom .env file path with { path: '/custom/path/.env' }
Login may have failed
  Ô£ÿ  139 [chromium] ÔÇ║ e2e\comprehensive-workflows.spec.ts:193:9 ÔÇ║ ­ƒö┤ WORKFLOW CRITICAL TESTS - SIPORTS 2026 ÔÇ║ ­ƒôï WORKFLOW 1: Free Visitor Registration ÔåÆ Badge ÔåÆ Access ÔÇ║ 1.2 - Visitor FREE: Access badge page (17.1s)
[dotenv@17.2.3] injecting env (0) from .env -- tip: Ô£à audit secrets and track compliance: https://dotenvx.com/ops
Login may have failed
QR rotation test skipped - no QR code found
  Ô£ÿ  140 [chromium] ÔÇ║ e2e\comprehensive-workflows.spec.ts:217:9 ÔÇ║ ­ƒö┤ WORKFLOW CRITICAL TESTS - SIPORTS 2026 ÔÇ║ ­ƒôï WORKFLOW 1: Free Visitor Registration ÔåÆ Badge ÔåÆ Access ÔÇ║ 1.3 - Visitor FREE: QR code rotates every 30 seconds (17.2s)
[dotenv@17.2.3] injecting env (0) from .env -- tip: ­ƒæÑ sync secrets across teammates & machines: https://dotenvx.com/ops
Login may have failed
  Ô£ÿ  141 [chromium] ÔÇ║ e2e\comprehensive-workflows.spec.ts:234:9 ÔÇ║ ­ƒö┤ WORKFLOW CRITICAL TESTS - SIPORTS 2026 ÔÇ║ ­ƒôï WORKFLOW 1: Free Visitor Registration ÔåÆ Badge ÔåÆ Access ÔÇ║ 1.4 - Visitor FREE: Badge download as PNG (17.1s)
[dotenv@17.2.3] injecting env (0) from .env -- tip: ÔÜÖ´©Å  override existing env vars with { override: true }
Login may have failed
  Ô£ÿ  142 [chromium] ÔÇ║ e2e\comprehensive-workflows.spec.ts:262:9 ÔÇ║ ­ƒö┤ WORKFLOW CRITICAL TESTS - SIPORTS 2026 ÔÇ║ ­ƒôï WORKFLOW 1: Free Visitor Registration ÔåÆ Badge ÔåÆ Access ÔÇ║ 1.5 - Visitor FREE: Cannot access VIP features (17.2s)
[dotenv@17.2.3] injecting env (0) from .env -- tip: ­ƒøá´©Å  run anywhere with `dotenvx run -- yourcommand`
  Ô£ÿ  138 [chromium] ÔÇ║ e2e\complete-100-percent.spec.ts:278:9 ÔÇ║ ADDITIONAL: HANDLERS & INTERACTIONS ÔÇ║ List & Table Handlers ÔÇ║ Should handle delete from list (2.0m)
[dotenv@17.2.3] injecting env (0) from .env -- tip: ÔÜÖ´©Å  override existing env vars with { override: true }
  Ô£ÿ  143 [chromium] ÔÇ║ e2e\comprehensive-workflows.spec.ts:287:9 ÔÇ║ ­ƒö┤ WORKFLOW CRITICAL TESTS - SIPORTS 2026 ÔÇ║ ­ƒÆÄ WORKFLOW 2: VIP Visitor Registration ÔåÆ Payment (700 EUR) ÔåÆ Premium Features ÔÇ║ 2.1 - Visitor VIP: Registration with price 700 EUR (2.0m)
[dotenv@17.2.3] injecting env (0) from .env -- tip: ÔÜÖ´©Å  load multiple .env files with { path: ['.env.local', '.env'] }
Login may have failed
  Ô£ÿ  145 [chromium] ÔÇ║ e2e\comprehensive-workflows.spec.ts:315:9 ÔÇ║ ­ƒö┤ WORKFLOW CRITICAL TESTS - SIPORTS 2026 ÔÇ║ ­ƒÆÄ WORKFLOW 2: VIP Visitor Registration ÔåÆ Payment (700 EUR) ÔåÆ Premium Features ÔÇ║ 2.2 - Visitor VIP: Payment gateway integration (17.2s)
[dotenv@17.2.3] injecting env (0) from .env -- tip: ­ƒôí add observability to secrets: https://dotenvx.com/ops
  Ô£ÿ  144 [chromium] ÔÇ║ e2e\complete-100-percent.spec.ts:284:9 ÔÇ║ ADDITIONAL: HANDLERS & INTERACTIONS ÔÇ║ List & Table Handlers ÔÇ║ Should handle edit from list (2.0m)
[dotenv@17.2.3] injecting env (0) from .env -- tip: ­ƒöæ add access controls to secrets: https://dotenvx.com/ops
Login may have failed
  Ô£ô  147 [chromium] ÔÇ║ e2e\complete-100-percent.spec.ts:290:9 ÔÇ║ ADDITIONAL: HANDLERS & INTERACTIONS ÔÇ║ List & Table Handlers ÔÇ║ Should handle bulk action (3.3s)
  Ô£ô  148 [chromium] ÔÇ║ e2e\complete-100-percent.spec.ts:296:9 ÔÇ║ ADDITIONAL: HANDLERS & INTERACTIONS ÔÇ║ List & Table Handlers ÔÇ║ Should handle sticky header (1.3s)
  Ô£ô  149 [chromium] ÔÇ║ e2e\complete-100-percent.spec.ts:301:9 ÔÇ║ ADDITIONAL: HANDLERS & INTERACTIONS ÔÇ║ List & Table Handlers ÔÇ║ Should handle infinite scroll (1.4s)
  Ô£ÿ  146 [chromium] ÔÇ║ e2e\comprehensive-workflows.spec.ts:340:9 ÔÇ║ ­ƒö┤ WORKFLOW CRITICAL TESTS - SIPORTS 2026 ÔÇ║ ­ƒÆÄ WORKFLOW 2: VIP Visitor Registration ÔåÆ Payment (700 EUR) ÔåÆ Premium Features ÔÇ║ 2.3 - Visitor VIP: After payment, badge unlocks premium zones (22.2s)
[dotenv@17.2.3] injecting env (0) from .env -- tip: ­ƒùé´©Å backup and recover secrets: https://dotenvx.com/ops
Login may have failed
  Ô£ÿ  151 [chromium] ÔÇ║ e2e\comprehensive-workflows.spec.ts:360:9 ÔÇ║ ­ƒö┤ WORKFLOW CRITICAL TESTS - SIPORTS 2026 ÔÇ║ ­ƒÆÄ WORKFLOW 2: VIP Visitor Registration ÔåÆ Payment (700 EUR) ÔåÆ Premium Features ÔÇ║ 2.4 - Visitor VIP: Email confirmation with payment receipt (26.4s)
[dotenv@17.2.3] injecting env (0) from .env -- tip: ÔÜÖ´©Å  enable debug logging with { debug: true }
  Ô£ÿ  150 [chromium] ÔÇ║ e2e\complete-100-percent.spec.ts:309:9 ÔÇ║ ADDITIONAL: HANDLERS & INTERACTIONS ÔÇ║ Modal & Dialog Handlers ÔÇ║ Should handle confirmation modal (2.0m)
[dotenv@17.2.3] injecting env (0) from .env -- tip: ­ƒøá´©Å  run anywhere with `dotenvx run -- yourcommand`
  Ô£ÿ  152 [chromium] ÔÇ║ e2e\comprehensive-workflows.spec.ts:381:9 ÔÇ║ ­ƒö┤ WORKFLOW CRITICAL TESTS - SIPORTS 2026 ÔÇ║ ­ƒÅó WORKFLOW 3: Exhibitor Registration (4 Levels) ÔåÆ Payment ÔåÆ Mini-Site Creation ÔÇ║ 3.1 - Exhibitor BASIC: Registration with 9m┬▓ stand (2.0m)
[dotenv@17.2.3] injecting env (0) from .env -- tip: ­ƒôí add observability to secrets: https://dotenvx.com/ops
  Ô£ÿ  154 [chromium] ÔÇ║ e2e\comprehensive-workflows.spec.ts:409:9 ÔÇ║ ­ƒö┤ WORKFLOW CRITICAL TESTS - SIPORTS 2026 ÔÇ║ ­ƒÅó WORKFLOW 3: Exhibitor Registration (4 Levels) ÔåÆ Payment ÔåÆ Mini-Site Creation ÔÇ║ 3.2 - Exhibitor STANDARD: 18m┬▓ stand (7.5s)
[dotenv@17.2.3] injecting env (0) from .env -- tip: ­ƒôí add observability to secrets: https://dotenvx.com/ops
  Ô£ÿ  155 [chromium] ÔÇ║ e2e\comprehensive-workflows.spec.ts:421:9 ÔÇ║ ­ƒö┤ WORKFLOW CRITICAL TESTS - SIPORTS 2026 ÔÇ║ ­ƒÅó WORKFLOW 3: Exhibitor Registration (4 Levels) ÔåÆ Payment ÔåÆ Mini-Site Creation ÔÇ║ 3.3 - Exhibitor PREMIUM: 36m┬▓ stand + Booth Designer (6.9s)
[dotenv@17.2.3] injecting env (0) from .env -- tip: ÔÜÖ´©Å  write to custom object with { processEnv: myObject }
  Ô£ÿ  153 [chromium] ÔÇ║ e2e\complete-100-percent.spec.ts:316:9 ÔÇ║ ADDITIONAL: HANDLERS & INTERACTIONS ÔÇ║ Modal & Dialog Handlers ÔÇ║ Should handle modal cancel (2.0m)
[dotenv@17.2.3] injecting env (0) from .env -- tip: ÔÜÖ´©Å  specify custom .env file path with { path: '/custom/path/.env' }
  Ô£ô  157 [chromium] ÔÇ║ e2e\complete-100-percent.spec.ts:323:9 ÔÇ║ ADDITIONAL: HANDLERS & INTERACTIONS ÔÇ║ Modal & Dialog Handlers ÔÇ║ Should handle alert dialog (49ms)
  Ô£ÿ  156 [chromium] ÔÇ║ e2e\comprehensive-workflows.spec.ts:438:9 ÔÇ║ ­ƒö┤ WORKFLOW CRITICAL TESTS - SIPORTS 2026 ÔÇ║ ­ƒÅó WORKFLOW 3: Exhibitor Registration (4 Levels) ÔåÆ Payment ÔåÆ Mini-Site Creation ÔÇ║ 3.4 - Exhibitor ELITE: 54m┬▓+ stand + Concierge Service (2.0m)
[dotenv@17.2.3] injecting env (0) from .env -- tip: ÔÜÖ´©Å  suppress all logs with { quiet: true }
Login may have failed
  Ô£ÿ  159 [chromium] ÔÇ║ e2e\comprehensive-workflows.spec.ts:455:9 ÔÇ║ ­ƒö┤ WORKFLOW CRITICAL TESTS - SIPORTS 2026 ÔÇ║ ­ƒÅó WORKFLOW 3: Exhibitor Registration (4 Levels) ÔåÆ Payment ÔåÆ Mini-Site Creation ÔÇ║ 3.5 - Exhibitor: Mini-site creation after activation (20.3s)
[dotenv@17.2.3] injecting env (0) from .env -- tip: ÔÜÖ´©Å  enable debug logging with { debug: true }
Login may have failed
  Ô£ÿ  160 [chromium] ÔÇ║ e2e\comprehensive-workflows.spec.ts:478:9 ÔÇ║ ­ƒö┤ WORKFLOW CRITICAL TESTS - SIPORTS 2026 ÔÇ║ ­ƒÅó WORKFLOW 3: Exhibitor Registration (4 Levels) ÔåÆ Payment ÔåÆ Mini-Site Creation ÔÇ║ 3.6 - Exhibitor: Quota validation - cannot exceed stand limit (22.2s)
[dotenv@17.2.3] injecting env (0) from .env -- tip: ­ƒöÉ encrypt with Dotenvx: https://dotenvx.com
  Ô£ÿ  158 [chromium] ÔÇ║ e2e\complete-100-percent.spec.ts:327:9 ÔÇ║ ADDITIONAL: HANDLERS & INTERACTIONS ÔÇ║ Modal & Dialog Handlers ÔÇ║ Should handle tooltip (2.0m)
[dotenv@17.2.3] injecting env (0) from .env -- tip: ­ƒöÉ prevent committing .env to code: https://dotenvx.com/precommit
  Ô£ÿ  161 [chromium] ÔÇ║ e2e\comprehensive-workflows.spec.ts:507:9 ÔÇ║ ­ƒö┤ WORKFLOW CRITICAL TESTS - SIPORTS 2026 ÔÇ║ ­ƒñØ WORKFLOW 4: Partner Registration (4 Tiers) ÔåÆ Investment ÔåÆ Dashboard ÔÇ║ 4.1 - Partner MUSEUM: $20,000 tier (2.0m)
[dotenv@17.2.3] injecting env (0) from .env -- tip: ­ƒöÉ prevent committing .env to code: https://dotenvx.com/precommit
  Ô£ÿ  162 [chromium] ÔÇ║ e2e\complete-100-percent.spec.ts:331:9 ÔÇ║ ADDITIONAL: HANDLERS & INTERACTIONS ÔÇ║ Modal & Dialog Handlers ÔÇ║ Should handle popover (2.0m)
[dotenv@17.2.3] injecting env (0) from .env -- tip: ­ƒôí add observability to secrets: https://dotenvx.com/ops
Login may have failed
