[dotenv@17.2.3] injecting env (7) from .env -- tip: ÔÜÖ´©Å  enable debug logging with { debug: true }

Running 934 tests using 4 workers

[dotenv@17.2.3] injecting env (0) from .env -- tip: ­ƒöä add secrets lifecycle management: https://dotenvx.com/ops
[dotenv@17.2.3] injecting env (0) from .env -- tip: ­ƒæÑ sync secrets across teammates & machines: https://dotenvx.com/ops
[dotenv@17.2.3] injecting env (0) from .env -- tip: ÔÜÖ´©Å  load multiple .env files with { path: ['.env.local', '.env'] }
[dotenv@17.2.3] injecting env (0) from .env -- tip: ­ƒùé´©Å backup and recover secrets: https://dotenvx.com/ops
Registration helper failed, trying manual approach
Focusable elements: 50
Tab 0: A
Tab 1: A
Tab 2: A
Tab 3: A
Tab 4: A
  Ô£ô    3 [chromium] ÔÇ║ e2e\accessibility-ux.spec.ts:23:9 ÔÇ║ ÔÖ┐ ACCESSIBILITY - WCAG 2.1 AA Compliance ÔÇ║ Keyboard Navigation ÔÇ║ 1.1 - Tab order is logical on login page (3.4s)
Form submission via Enter works
  Ô£ô    5 [chromium] ÔÇ║ e2e\accessibility-ux.spec.ts:40:9 ÔÇ║ ÔÖ┐ ACCESSIBILITY - WCAG 2.1 AA Compliance ÔÇ║ Keyboard Navigation ÔÇ║ 1.2 - Enter key submits forms (1.5s)
  Ô£ô    6 [chromium] ÔÇ║ e2e\accessibility-ux.spec.ts:67:9 ÔÇ║ ÔÖ┐ ACCESSIBILITY - WCAG 2.1 AA Compliance ÔÇ║ Keyboard Navigation ÔÇ║ 1.3 - Escape closes modals (1.3s)
Skip link not found (accessibility warning)
  Ô£ô    7 [chromium] ÔÇ║ e2e\accessibility-ux.spec.ts:89:9 ÔÇ║ ÔÖ┐ ACCESSIBILITY - WCAG 2.1 AA Compliance ÔÇ║ Keyboard Navigation ÔÇ║ 1.4 - Skip to main content link (1.5s)
  Ô£ô    8 [chromium] ÔÇ║ e2e\accessibility-ux.spec.ts:114:9 ÔÇ║ ÔÖ┐ ACCESSIBILITY - WCAG 2.1 AA Compliance ÔÇ║ Screen Reader Support ÔÇ║ 2.1 - Form labels are associated with inputs (1.4s)
Total headings: 6
Hierarchy break: H0 -> H2
Hierarchy break: H2 -> H4
Heading hierarchy OK: false
  Ô£ô    9 [chromium] ÔÇ║ e2e\accessibility-ux.spec.ts:137:9 ÔÇ║ ÔÖ┐ ACCESSIBILITY - WCAG 2.1 AA Compliance ÔÇ║ Screen Reader Support ÔÇ║ 2.2 - Headings hierarchy is correct (1.4s)
Button purpose clear: true
  Ô£ô   10 [chromium] ÔÇ║ e2e\accessibility-ux.spec.ts:165:9 ÔÇ║ ÔÖ┐ ACCESSIBILITY - WCAG 2.1 AA Compliance ÔÇ║ Screen Reader Support ÔÇ║ 2.3 - Button purposes are clear (1.5s)
Total images: 46
Images with alt text: 10/10
  Ô£ô   11 [chromium] ÔÇ║ e2e\accessibility-ux.spec.ts:182:9 ÔÇ║ ÔÖ┐ ACCESSIBILITY - WCAG 2.1 AA Compliance ÔÇ║ Screen Reader Support ÔÇ║ 2.4 - Images have alt text (2.8s)
Total links: 32
First link has text/label: false
Link styling: { underline: [33mfalse[39m, color: [32m'rgb(17, 24, 39)'[39m, fontWeight: [32m'400'[39m }
  Ô£ô   12 [chromium] ÔÇ║ e2e\accessibility-ux.spec.ts:208:9 ÔÇ║ ÔÖ┐ ACCESSIBILITY - WCAG 2.1 AA Compliance ÔÇ║ Screen Reader Support ÔÇ║ 2.5 - Links are distinguishable (1.5s)
Text contrast sample: { background: [32m'rgba(0, 0, 0, 0)'[39m, foreground: [32m'rgb(17, 24, 39)'[39m }
  Ô£ô   13 [chromium] ÔÇ║ e2e\accessibility-ux.spec.ts:242:9 ÔÇ║ ÔÖ┐ ACCESSIBILITY - WCAG 2.1 AA Compliance ÔÇ║ Color & Contrast ÔÇ║ 3.1 - Text contrast meets WCAG AA standards (1.5s)
Login may have failed
  Ô£ô    4 [chromium] ÔÇ║ e2e\complete-100-percent.spec.ts:50:9 ÔÇ║ ADDITIONAL: HANDLERS & INTERACTIONS ÔÇ║ Form Handlers ÔÇ║ Should handle input change events (19.0s)
Required fields: 0
  Ô£ô   14 [chromium] ÔÇ║ e2e\accessibility-ux.spec.ts:264:9 ÔÇ║ ÔÖ┐ ACCESSIBILITY - WCAG 2.1 AA Compliance ÔÇ║ Color & Contrast ÔÇ║ 3.2 - Color is not the only means of conveying information (1.4s)
Focus indicator: {
  outline: [32m'rgba(0, 0, 0, 0) solid 2px'[39m,
  boxShadow: [32m'rgb(255, 255, 255) 0px 0px 0px 0px, rgb(59, 130, 246) 0px 0px 0px 2px, rgba(0, 0, 0, 0) 0px 0px 0px 0px'[39m,
  focusVisible: [33mtrue[39m
}
  Ô£ô   16 [chromium] ÔÇ║ e2e\accessibility-ux.spec.ts:286:9 ÔÇ║ ÔÖ┐ ACCESSIBILITY - WCAG 2.1 AA Compliance ÔÇ║ Color & Contrast ÔÇ║ 3.3 - Focus indicators are visible (1.5s)
Password field not found after 15s - may be on different step
Horizontal scroll at 200% zoom: true
  Ô£ô   17 [chromium] ÔÇ║ e2e\accessibility-ux.spec.ts:312:9 ÔÇ║ ÔÖ┐ ACCESSIBILITY - WCAG 2.1 AA Compliance ÔÇ║ Responsive & Zoom ÔÇ║ 4.1 - Page works at 200% zoom (1.4s)
Mobile navigation available: false
  Ô£ô   18 [chromium] ÔÇ║ e2e\accessibility-ux.spec.ts:333:9 ÔÇ║ ÔÖ┐ ACCESSIBILITY - WCAG 2.1 AA Compliance ÔÇ║ Responsive & Zoom ÔÇ║ 4.2 - Mobile viewport works (1.4s)
Main content visible on tablet: true
  Ô£ô   19 [chromium] ÔÇ║ e2e\accessibility-ux.spec.ts:349:9 ÔÇ║ ÔÖ┐ ACCESSIBILITY - WCAG 2.1 AA Compliance ÔÇ║ Responsive & Zoom ÔÇ║ 4.3 - Tablet viewport works (1.3s)
Login may have failed
  Ô£ô   15 [chromium] ÔÇ║ e2e\complete-100-percent.spec.ts:61:9 ÔÇ║ ADDITIONAL: HANDLERS & INTERACTIONS ÔÇ║ Form Handlers ÔÇ║ Should handle select change (17.0s)
Login may have failed
